apiVersion: config.kubernetes.io/v1
kind: ResourceList
items:
- apiVersion: apps/v1
  kind: Deployment
  metadata:
    name: base-app
    namespace: example
    labels:
      test: abstract-base-app
      app.kubernetes.io/name: frontend
      app.kubernetes.io/instance: frontend-dev
  spec:
    selector:
      matchLabels:
        test: abstract-base-app
        app.kubernetes.io/name: frontend
        app.kubernetes.io/instance: frontend-dev
    template:
      metadata:
        labels:
          test: abstract-base-app
          app.kubernetes.io/name: frontend
          app.kubernetes.io/instance: frontend-dev
- apiVersion: kpt.dev/v1
  kind: Kptfile
  metadata:
    name: frontend-dev
    annotations:
      config.kubernetes.io/local-config: "true"
  info:
    description: sample description
- apiVersion: v1
  kind: ConfigMap
  metadata:
    name: kptfile.kpt.dev
    annotations:
      config.kubernetes.io/local-config: "true"
  data:
    name: frontend-dev
results:
- message: '`FunctionConfig` is not given'
  severity: info
- message: set 3 labels in total
  severity: info
